192.168.1.108 - - [23/Dec/2014:06:56:49 +0800] "GET / HTTP/1.1" 200 612 "-" "curl/7.22.0 (i686-pc-linux-gnu) libcurl/7.22.0 OpenSSL/1.0.1 zlib/1.2.3.4 libidn/1.23 librtmp/2.3"
192.168.1.108 - - [23/Dec/2014:06:56:59 +0800] "GET /mytest HTTP/1.1" 200 13 "-" "curl/7.22.0 (i686-pc-linux-gnu) libcurl/7.22.0 OpenSSL/1.0.1 zlib/1.2.3.4 libidn/1.23 librtmp/2.3"
192.168.1.108 - - [23/Dec/2014:06:57:40 +0800] "GET /mytest HTTP/1.1" 200 17 "-" "curl/7.22.0 (i686-pc-linux-gnu) libcurl/7.22.0 OpenSSL/1.0.1 zlib/1.2.3.4 libidn/1.23 librtmp/2.3"
192.168.1.108 - - [23/Dec/2014:06:57:48 +0800] "GET / HTTP/1.1" 200 612 "-" "curl/7.22.0 (i686-pc-linux-gnu) libcurl/7.22.0 OpenSSL/1.0.1 zlib/1.2.3.4 libidn/1.23 librtmp/2.3"
192.168.1.108 - - [23/Dec/2014:07:45:48 +0800] "GET /mytest/adfasf HTTP/1.1" 200 17 "-" "curl/7.22.0 (i686-pc-linux-gnu) libcurl/7.22.0 OpenSSL/1.0.1 zlib/1.2.3.4 libidn/1.23 librtmp/2.3"
192.168.1.108 - - [23/Dec/2014:07:46:00 +0800] "GET /mytest/aaaaaaaaaa.html HTTP/1.1" 200 17 "-" "curl/7.22.0 (i686-pc-linux-gnu) libcurl/7.22.0 OpenSSL/1.0.1 zlib/1.2.3.4 libidn/1.23 librtmp/2.3"
192.168.1.108 - - [23/Dec/2014:07:46:07 +0800] "GET /my HTTP/1.1" 404 168 "-" "curl/7.22.0 (i686-pc-linux-gnu) libcurl/7.22.0 OpenSSL/1.0.1 zlib/1.2.3.4 libidn/1.23 librtmp/2.3"
192.168.1.108 - - [23/Dec/2014:07:46:14 +0800] "GET /mytest/asd HTTP/1.1" 200 17 "-" "curl/7.22.0 (i686-pc-linux-gnu) libcurl/7.22.0 OpenSSL/1.0.1 zlib/1.2.3.4 libidn/1.23 librtmp/2.3"
192.168.1.108 - - [23/Dec/2014:07:58:47 +0800] "GET /mytest/adfasf HTTP/1.1" 200 17 "-" "curl/7.22.0 (i686-pc-linux-gnu) libcurl/7.22.0 OpenSSL/1.0.1 zlib/1.2.3.4 libidn/1.23 librtmp/2.3"
192.168.1.108 - - [23/Dec/2014:07:58:51 +0800] "GET /mytest HTTP/1.1" 200 17 "-" "curl/7.22.0 (i686-pc-linux-gnu) libcurl/7.22.0 OpenSSL/1.0.1 zlib/1.2.3.4 libidn/1.23 librtmp/2.3"
192.168.1.108 - - [23/Dec/2014:07:58:54 +0800] "GET /mytests HTTP/1.1" 200 17 "-" "curl/7.22.0 (i686-pc-linux-gnu) libcurl/7.22.0 OpenSSL/1.0.1 zlib/1.2.3.4 libidn/1.23 librtmp/2.3"
192.168.1.108 - - [23/Dec/2014:07:58:56 +0800] "GET /mytestssdf HTTP/1.1" 200 17 "-" "curl/7.22.0 (i686-pc-linux-gnu) libcurl/7.22.0 OpenSSL/1.0.1 zlib/1.2.3.4 libidn/1.23 librtmp/2.3"
192.168.1.108 - - [23/Dec/2014:07:58:59 +0800] "GET /m HTTP/1.1" 404 168 "-" "curl/7.22.0 (i686-pc-linux-gnu) libcurl/7.22.0 OpenSSL/1.0.1 zlib/1.2.3.4 libidn/1.23 librtmp/2.3"
192.168.1.108 - - [23/Dec/2014:08:20:42 +0800] "GET /mytest HTTP/1.1" 200 9 "-" "curl/7.22.0 (i686-pc-linux-gnu) libcurl/7.22.0 OpenSSL/1.0.1 zlib/1.2.3.4 libidn/1.23 librtmp/2.3"
192.168.1.108 - - [23/Dec/2014:08:24:39 +0800] "GET /mytest HTTP/1.1" 200 13 "-" "curl/7.22.0 (i686-pc-linux-gnu) libcurl/7.22.0 OpenSSL/1.0.1 zlib/1.2.3.4 libidn/1.23 librtmp/2.3"
192.168.1.108 - - [23/Dec/2014:08:24:42 +0800] "GET /mytest/sadf HTTP/1.1" 200 13 "-" "curl/7.22.0 (i686-pc-linux-gnu) libcurl/7.22.0 OpenSSL/1.0.1 zlib/1.2.3.4 libidn/1.23 librtmp/2.3"
192.168.6.254 - - [23/Dec/2014:09:42:12 +0800] "GET / HTTP/1.1" 200 612 "-" "curl/7.22.0 (i686-pc-linux-gnu) libcurl/7.22.0 OpenSSL/1.0.1 zlib/1.2.3.4 libidn/1.23 librtmp/2.3"
192.168.6.103 - - [23/Dec/2014:09:42:39 +0800] "GET /favicon.ico HTTP/1.1" 404 570 "-" "Mozilla/5.0 (Windows NT 6.1; WOW64) AppleWebKit/537.36 (KHTML, like Gecko) Chrome/31.0.1650.63 Safari/537.36"
192.168.6.103 - - [23/Dec/2014:09:42:47 +0800] "GET / HTTP/1.1" 200 612 "-" "Mozilla/5.0 (Windows NT 6.1; WOW64; Trident/7.0; rv:11.0) like Gecko"
192.168.6.103 - - [23/Dec/2014:09:42:48 +0800] "GET /favicon.ico HTTP/1.1" 404 168 "-" "Mozilla/5.0 (Windows NT 6.1; WOW64; Trident/7.0; rv:11.0) like Gecko"
192.168.6.254 - - [23/Dec/2014:09:43:03 +0800] "GET /mytest HTTP/1.1" 200 13 "-" "curl/7.22.0 (i686-pc-linux-gnu) libcurl/7.22.0 OpenSSL/1.0.1 zlib/1.2.3.4 libidn/1.23 librtmp/2.3"
192.168.6.103 - - [23/Dec/2014:09:43:19 +0800] "GET /mytest HTTP/1.1" 200 13 "-" "Mozilla/5.0 (Windows NT 6.1; WOW64; Trident/7.0; rv:11.0) like Gecko"
192.168.6.103 - - [23/Dec/2014:09:43:19 +0800] "GET /favicon.ico HTTP/1.1" 404 168 "-" "Mozilla/5.0 (Windows NT 6.1; WOW64; Trident/7.0; rv:11.0) like Gecko"
192.168.6.62 - - [23/Dec/2014:09:43:36 +0800] "GET /mytest HTTP/1.1" 200 13 "-" "Mozilla/5.0 (Windows NT 6.3; WOW64) AppleWebKit/537.36 (KHTML, like Gecko) Maxthon/4.4.1.5000 Chrome/30.0.1599.101 Safari/537.36"
192.168.6.62 - - [23/Dec/2014:09:43:36 +0800] "GET /favicon.ico HTTP/1.1" 404 570 "-" "Mozilla/5.0 (Windows NT 6.3; WOW64) AppleWebKit/537.36 (KHTML, like Gecko) Maxthon/4.4.1.5000 Chrome/30.0.1599.101 Safari/537.36"
192.168.6.254 - - [23/Dec/2014:09:43:48 +0800] "GET /mytest HTTP/1.1" 200 13 "-" "Mozilla/5.0 (X11; Linux i686) AppleWebKit/537.36 (KHTML, like Gecko) Chrome/35.0.1916.114 Safari/537.36"
192.168.6.254 - - [23/Dec/2014:09:43:49 +0800] "GET /favicon.ico HTTP/1.1" 404 570 "-" "Mozilla/5.0 (X11; Linux i686) AppleWebKit/537.36 (KHTML, like Gecko) Chrome/35.0.1916.114 Safari/537.36"
192.168.6.62 - - [23/Dec/2014:09:43:52 +0800] "GET /mytest HTTP/1.1" 200 13 "-" "Mozilla/5.0 (Windows NT 6.3; WOW64) AppleWebKit/537.36 (KHTML, like Gecko) Maxthon/4.4.1.5000 Chrome/30.0.1599.101 Safari/537.36"
192.168.6.62 - - [23/Dec/2014:09:43:52 +0800] "GET /favicon.ico HTTP/1.1" 404 570 "-" "Mozilla/5.0 (Windows NT 6.3; WOW64) AppleWebKit/537.36 (KHTML, like Gecko) Maxthon/4.4.1.5000 Chrome/30.0.1599.101 Safari/537.36"
192.168.6.254 - - [23/Dec/2014:09:44:04 +0800] "GET /mytest/asdfsdf.html HTTP/1.1" 200 13 "-" "Mozilla/5.0 (X11; Linux i686) AppleWebKit/537.36 (KHTML, like Gecko) Chrome/35.0.1916.114 Safari/537.36"
192.168.6.254 - - [23/Dec/2014:09:44:18 +0800] "GET /myt HTTP/1.1" 404 570 "-" "Mozilla/5.0 (X11; Linux i686) AppleWebKit/537.36 (KHTML, like Gecko) Chrome/35.0.1916.114 Safari/537.36"
192.168.6.148 - - [23/Dec/2014:09:44:27 +0800] "GET / HTTP/1.1" 200 612 "-" "Mozilla/5.0 (X11; Ubuntu; Linux x86_64; rv:28.0) Gecko/20100101 Firefox/28.0"
192.168.6.148 - - [23/Dec/2014:09:44:27 +0800] "GET /favicon.ico HTTP/1.1" 404 168 "-" "Mozilla/5.0 (X11; Ubuntu; Linux x86_64; rv:28.0) Gecko/20100101 Firefox/28.0"
192.168.6.148 - - [23/Dec/2014:09:44:27 +0800] "GET /favicon.ico HTTP/1.1" 404 168 "-" "Mozilla/5.0 (X11; Ubuntu; Linux x86_64; rv:28.0) Gecko/20100101 Firefox/28.0"
192.168.6.254 - - [23/Dec/2014:09:44:35 +0800] "GET /mytest HTTP/1.1" 200 13 "-" "Mozilla/5.0 (X11; Linux i686) AppleWebKit/537.36 (KHTML, like Gecko) Chrome/35.0.1916.114 Safari/537.36"
192.168.6.148 - - [23/Dec/2014:09:44:37 +0800] "GET /mytest HTTP/1.1" 200 13 "-" "Mozilla/5.0 (X11; Ubuntu; Linux x86_64; rv:28.0) Gecko/20100101 Firefox/28.0"
192.168.6.254 - - [23/Dec/2014:09:44:41 +0800] "GET /mytestsadsfsdafadfs HTTP/1.1" 200 13 "-" "Mozilla/5.0 (X11; Linux i686) AppleWebKit/537.36 (KHTML, like Gecko) Chrome/35.0.1916.114 Safari/537.36"
192.168.6.62 - - [23/Dec/2014:09:55:39 +0800] "GET /mytest HTTP/1.1" 200 13 "-" "Mozilla/5.0 (Windows NT 6.3; WOW64) AppleWebKit/537.36 (KHTML, like Gecko) Maxthon/4.4.1.5000 Chrome/30.0.1599.101 Safari/537.36"
192.168.6.62 - - [23/Dec/2014:09:55:40 +0800] "GET /favicon.ico HTTP/1.1" 404 570 "-" "Mozilla/5.0 (Windows NT 6.3; WOW64) AppleWebKit/537.36 (KHTML, like Gecko) Maxthon/4.4.1.5000 Chrome/30.0.1599.101 Safari/537.36"
192.168.6.254 - - [23/Dec/2014:10:02:40 +0800] "GET /mytest HTTP/1.1" 200 13 "-" "curl/7.22.0 (i686-pc-linux-gnu) libcurl/7.22.0 OpenSSL/1.0.1 zlib/1.2.3.4 libidn/1.23 librtmp/2.3"
192.168.6.254 - - [23/Dec/2014:10:04:35 +0800] "GET /mytest HTTP/1.1" 200 13 "-" "curl/7.22.0 (i686-pc-linux-gnu) libcurl/7.22.0 OpenSSL/1.0.1 zlib/1.2.3.4 libidn/1.23 librtmp/2.3"
192.168.6.254 - - [23/Dec/2014:10:58:53 +0800] "GET /mytest HTTP/1.1" 200 13 "-" "curl/7.22.0 (i686-pc-linux-gnu) libcurl/7.22.0 OpenSSL/1.0.1 zlib/1.2.3.4 libidn/1.23 librtmp/2.3"
192.168.6.254 - - [23/Dec/2014:10:59:44 +0800] "GET /mytest HTTP/1.1" 200 18 "-" "curl/7.22.0 (i686-pc-linux-gnu) libcurl/7.22.0 OpenSSL/1.0.1 zlib/1.2.3.4 libidn/1.23 librtmp/2.3"
192.168.6.254 - - [23/Dec/2014:11:12:19 +0800] "GET /mytest HTTP/1.1" 200 26 "-" "curl/7.22.0 (i686-pc-linux-gnu) libcurl/7.22.0 OpenSSL/1.0.1 zlib/1.2.3.4 libidn/1.23 librtmp/2.3"
127.0.0.1 - - [14/Apr/2015:23:51:05 +0800] "GET /hello.cgi HTTP/1.1" 200 518 "-" "Mozilla/5.0 (X11; Linux i686) AppleWebKit/537.36 (KHTML, like Gecko) Chrome/35.0.1916.114 Safari/537.36"
127.0.0.1 - - [14/Apr/2015:23:52:08 +0800] "GET /hello.cgi HTTP/1.1" 304 0 "-" "Mozilla/5.0 (X11; Linux i686) AppleWebKit/537.36 (KHTML, like Gecko) Chrome/35.0.1916.114 Safari/537.36"
127.0.0.1 - - [15/Apr/2015:00:19:23 +0800] "GET /hello.cgi HTTP/1.1" 500 32 "-" "Mozilla/5.0 (X11; Linux i686) AppleWebKit/537.36 (KHTML, like Gecko) Chrome/35.0.1916.114 Safari/537.36"
127.0.0.1 - - [15/Apr/2015:00:19:23 +0800] "GET /favicon.ico HTTP/1.1" 500 32 "-" "Mozilla/5.0 (X11; Linux i686) AppleWebKit/537.36 (KHTML, like Gecko) Chrome/35.0.1916.114 Safari/537.36"
127.0.0.1 - - [15/Apr/2015:00:19:27 +0800] "GET /hello.cgi HTTP/1.1" 500 32 "-" "Mozilla/5.0 (X11; Linux i686) AppleWebKit/537.36 (KHTML, like Gecko) Chrome/35.0.1916.114 Safari/537.36"
127.0.0.1 - - [15/Apr/2015:00:19:27 +0800] "GET /favicon.ico HTTP/1.1" 500 32 "-" "Mozilla/5.0 (X11; Linux i686) AppleWebKit/537.36 (KHTML, like Gecko) Chrome/35.0.1916.114 Safari/537.36"
127.0.0.1 - - [15/Apr/2015:00:20:54 +0800] "GET /hello.cgi HTTP/1.1" 500 32 "-" "Mozilla/5.0 (X11; Linux i686) AppleWebKit/537.36 (KHTML, like Gecko) Chrome/35.0.1916.114 Safari/537.36"
127.0.0.1 - - [15/Apr/2015:00:20:54 +0800] "GET /favicon.ico HTTP/1.1" 500 32 "-" "Mozilla/5.0 (X11; Linux i686) AppleWebKit/537.36 (KHTML, like Gecko) Chrome/35.0.1916.114 Safari/537.36"
127.0.0.1 - - [15/Apr/2015:00:24:33 +0800] "GET / HTTP/1.1" 500 32 "-" "Mozilla/5.0 (X11; Linux i686) AppleWebKit/537.36 (KHTML, like Gecko) Chrome/35.0.1916.114 Safari/537.36"
127.0.0.1 - - [15/Apr/2015:00:24:33 +0800] "GET /favicon.ico HTTP/1.1" 500 32 "-" "Mozilla/5.0 (X11; Linux i686) AppleWebKit/537.36 (KHTML, like Gecko) Chrome/35.0.1916.114 Safari/537.36"
127.0.0.1 - - [15/Apr/2015:00:41:32 +0800] "GET / HTTP/1.1" 500 32 "-" "Mozilla/5.0 (X11; Linux i686) AppleWebKit/537.36 (KHTML, like Gecko) Chrome/35.0.1916.114 Safari/537.36"
127.0.0.1 - - [15/Apr/2015:00:41:32 +0800] "GET /favicon.ico HTTP/1.1" 500 32 "-" "Mozilla/5.0 (X11; Linux i686) AppleWebKit/537.36 (KHTML, like Gecko) Chrome/35.0.1916.114 Safari/537.36"
127.0.0.1 - - [15/Apr/2015:00:42:24 +0800] "GET / HTTP/1.1" 502 537 "-" "Mozilla/5.0 (X11; Linux i686) AppleWebKit/537.36 (KHTML, like Gecko) Chrome/35.0.1916.114 Safari/537.36"
127.0.0.1 - - [15/Apr/2015:00:42:25 +0800] "GET /favicon.ico HTTP/1.1" 502 537 "-" "Mozilla/5.0 (X11; Linux i686) AppleWebKit/537.36 (KHTML, like Gecko) Chrome/35.0.1916.114 Safari/537.36"
127.0.0.1 - - [15/Apr/2015:00:42:46 +0800] "GET /index.html HTTP/1.1" 502 537 "-" "Mozilla/5.0 (X11; Linux i686) AppleWebKit/537.36 (KHTML, like Gecko) Chrome/35.0.1916.114 Safari/537.36"
127.0.0.1 - - [15/Apr/2015:00:42:46 +0800] "GET /favicon.ico HTTP/1.1" 502 537 "-" "Mozilla/5.0 (X11; Linux i686) AppleWebKit/537.36 (KHTML, like Gecko) Chrome/35.0.1916.114 Safari/537.36"
127.0.0.1 - - [15/Apr/2015:00:43:12 +0800] "GET /index.html HTTP/1.1" 500 32 "-" "Mozilla/5.0 (X11; Linux i686) AppleWebKit/537.36 (KHTML, like Gecko) Chrome/35.0.1916.114 Safari/537.36"
127.0.0.1 - - [15/Apr/2015:00:43:12 +0800] "GET /favicon.ico HTTP/1.1" 500 32 "-" "Mozilla/5.0 (X11; Linux i686) AppleWebKit/537.36 (KHTML, like Gecko) Chrome/35.0.1916.114 Safari/537.36"
127.0.0.1 - - [15/Apr/2015:00:43:20 +0800] "GET /hello.cgi HTTP/1.1" 500 32 "-" "Mozilla/5.0 (X11; Linux i686) AppleWebKit/537.36 (KHTML, like Gecko) Chrome/35.0.1916.114 Safari/537.36"
127.0.0.1 - - [15/Apr/2015:00:43:20 +0800] "GET /favicon.ico HTTP/1.1" 500 32 "-" "Mozilla/5.0 (X11; Linux i686) AppleWebKit/537.36 (KHTML, like Gecko) Chrome/35.0.1916.114 Safari/537.36"
127.0.0.1 - - [15/Apr/2015:00:43:23 +0800] "GET / HTTP/1.1" 500 32 "-" "Mozilla/5.0 (X11; Linux i686) AppleWebKit/537.36 (KHTML, like Gecko) Chrome/35.0.1916.114 Safari/537.36"
127.0.0.1 - - [15/Apr/2015:00:43:23 +0800] "GET /favicon.ico HTTP/1.1" 500 32 "-" "Mozilla/5.0 (X11; Linux i686) AppleWebKit/537.36 (KHTML, like Gecko) Chrome/35.0.1916.114 Safari/537.36"
127.0.0.1 - - [15/Apr/2015:00:54:14 +0800] "GET / HTTP/1.1" 500 32 "-" "Mozilla/5.0 (X11; Linux i686) AppleWebKit/537.36 (KHTML, like Gecko) Chrome/35.0.1916.114 Safari/537.36"
127.0.0.1 - - [15/Apr/2015:00:54:14 +0800] "GET /favicon.ico HTTP/1.1" 500 32 "-" "Mozilla/5.0 (X11; Linux i686) AppleWebKit/537.36 (KHTML, like Gecko) Chrome/35.0.1916.114 Safari/537.36"
127.0.0.1 - - [15/Apr/2015:00:54:22 +0800] "GET /hello.cgi HTTP/1.1" 500 32 "-" "Mozilla/5.0 (X11; Linux i686) AppleWebKit/537.36 (KHTML, like Gecko) Chrome/35.0.1916.114 Safari/537.36"
127.0.0.1 - - [15/Apr/2015:00:54:23 +0800] "GET /favicon.ico HTTP/1.1" 500 32 "-" "Mozilla/5.0 (X11; Linux i686) AppleWebKit/537.36 (KHTML, like Gecko) Chrome/35.0.1916.114 Safari/537.36"
127.0.0.1 - - [15/Apr/2015:00:55:00 +0800] "GET /hello.cgi HTTP/1.1" 500 32 "-" "Mozilla/5.0 (X11; Linux i686) AppleWebKit/537.36 (KHTML, like Gecko) Chrome/35.0.1916.114 Safari/537.36"
127.0.0.1 - - [15/Apr/2015:00:55:00 +0800] "GET /favicon.ico HTTP/1.1" 500 32 "-" "Mozilla/5.0 (X11; Linux i686) AppleWebKit/537.36 (KHTML, like Gecko) Chrome/35.0.1916.114 Safari/537.36"
127.0.0.1 - - [15/Apr/2015:00:55:04 +0800] "GET / HTTP/1.1" 500 32 "-" "Mozilla/5.0 (X11; Linux i686) AppleWebKit/537.36 (KHTML, like Gecko) Chrome/35.0.1916.114 Safari/537.36"
127.0.0.1 - - [15/Apr/2015:00:55:04 +0800] "GET /favicon.ico HTTP/1.1" 500 32 "-" "Mozilla/5.0 (X11; Linux i686) AppleWebKit/537.36 (KHTML, like Gecko) Chrome/35.0.1916.114 Safari/537.36"
127.0.0.1 - - [15/Apr/2015:00:55:08 +0800] "GET / HTTP/1.1" 500 32 "-" "Mozilla/5.0 (X11; Linux i686) AppleWebKit/537.36 (KHTML, like Gecko) Chrome/35.0.1916.114 Safari/537.36"
127.0.0.1 - - [15/Apr/2015:00:55:08 +0800] "GET /favicon.ico HTTP/1.1" 500 32 "-" "Mozilla/5.0 (X11; Linux i686) AppleWebKit/537.36 (KHTML, like Gecko) Chrome/35.0.1916.114 Safari/537.36"
127.0.0.1 - - [20/May/2015:10:12:40 +0800] "GET / HTTP/1.1" 502 537 "-" "Mozilla/5.0 (X11; Linux i686) AppleWebKit/537.36 (KHTML, like Gecko) Chrome/35.0.1916.114 Safari/537.36"
127.0.0.1 - - [20/May/2015:10:12:41 +0800] "GET /favicon.ico HTTP/1.1" 502 537 "-" "Mozilla/5.0 (X11; Linux i686) AppleWebKit/537.36 (KHTML, like Gecko) Chrome/35.0.1916.114 Safari/537.36"
